.venv\Scripts\python : 
C:\Users\hrida\Document
s\Resume Analyzer\resum
e-analyzer\backend\.ven
v\lib\site-packages\goo
gle\api_core\_python_ve
rsion_support.py:275: 
FutureWarning: You are 
using a Python version 
(3.10.11) which Google 
will stop supporting 
in new releases of 
google.api_core once 
it reaches its end of 
life (2026-10-04). 
Please upgrade to the 
latest Python version, 
or at least Python 
3.11, to continue 
receiving updates for 
google.api_core past 
that date.
At line:1 char:1
+ .venv\Scripts\python 
test_gemini.py > 
test_output.txt 2>&1
+ ~~~~~~~~~~~~~~~~~~~~~
~~~~~~~~~~~~~~~~~~~~~~~
~~~~~~~~~~~~~~
    + CategoryInfo     
         : NotSpecifi  
  ed: (C:\Users\hrid   
 a\...past that dat    
e.:String) [], Rem    
oteException
    + FullyQualifiedEr 
   rorId : NativeComm  
  andError
 
  
warnings.warn(message, 
FutureWarning)
C:\Users\hrida\Document
s\Resume Analyzer\resum
e-analyzer\backend\test
_gemini.py:4: 
FutureWarning: 

All support for the 
`google.generativeai` 
package has ended. It 
will no longer be 
receiving 
updates or bug fixes. 
Please switch to the 
`google.genai` package 
as soon as possible.
See README for more 
details:

https://github.com/goog
le-gemini/deprecated-ge
nerative-ai-python/blob
/main/README.md

  import 
google.generativeai as 
genai
Sending request to Gemini...
Error: 404 models/gemini-1.5-flash is not found for API version v1beta, or is not supported for generateContent. Call ListModels to see the list of available models and their supported methods.
